// Jest Snapshot v1, https://goo.gl/fbAQLP

exports[`should render dashboard correctly 1`] = `
<div>
  <div>
    <a
      class="button"
      href="/create"
    >
      New Interval
    </a>
    <div>
      <h1>
        Intervals
      </h1>
      <p>
        No intervals
      </p>
    </div>
  </div>
</div>
`;
