// Jest Snapshot v1, https://goo.gl/fbAQLP

exports[`should render Header correctly 1`] = `
<div>
  <header
    class="header"
  >
    <div
      class="content-container"
    >
      <div
        class="header__content"
      >
        <a
          class="header__title"
          href="/dashboard"
        >
          <h1>
            Interval Timer
          </h1>
        </a>
        <button
          class="button button--link"
        >
          Logout
        </button>
      </div>
    </div>
  </header>
</div>
`;
