// Jest Snapshot v1, https://goo.gl/fbAQLP

exports[`Should handle intervals 1`] = `
<div>
  <div>
    <h1>
      Intervals
    </h1>
    <div>
      <a
        href="/edit/1"
      >
        <h3>
          fitness workout 1
        </h3>
      </a>
      <a
        href="/start/1"
      >
        <h3>
          Start
        </h3>
      </a>
    </div>
    <div>
      <a
        href="/edit/2"
      >
        <h3>
          meditation focus
        </h3>
      </a>
      <a
        href="/start/2"
      >
        <h3>
          Start
        </h3>
      </a>
    </div>
    <div>
      <a
        href="/edit/3"
      >
        <h3>
          fitness workout 2
        </h3>
      </a>
      <a
        href="/start/3"
      >
        <h3>
          Start
        </h3>
      </a>
    </div>
  </div>
</div>
`;

exports[`Should handle no intervals 1`] = `
<div>
  <div>
    <h1>
      Intervals
    </h1>
    <p>
      No intervals
    </p>
  </div>
</div>
`;
