// Jest Snapshot v1, https://goo.gl/fbAQLP

exports[`IntervalListItem should render correctly 1`] = `
<div>
  <div>
    <a
      href="/edit/2"
    >
      <h3>
        meditation focus
      </h3>
    </a>
    <a
      href="/start/2"
    >
      <h3>
        Start
      </h3>
    </a>
  </div>
</div>
`;
